1-GTA UCl4-graphite one set  U4f Scan server true max Δfrac 0.39 pp, max Voigt Δarea 5.1 %
1-GTA UCl4-graphite one set  U4f Scan_0 server true max Δfrac 0.31 pp, max Voigt Δarea 5.9 %
1-GTA UCl4-graphite one set  U4f Scan_1 server true max Δfrac 0.37 pp, max Voigt Δarea 2.8 %
1-GTA UCl4-graphite one set  U4f Scan_2 server true max Δfrac 0.20 pp, max Voigt Δarea 2.7 %
1-GTA UCl4-graphite one set  U4f Scan_3 server true max Δfrac 0.36 pp, max Voigt Δarea 4.5 %
1-GTA UCl4-graphite one set  U4f Scan_4 server true max Δfrac 0.63 pp, max Voigt Δarea 15.3 %
1-GTA UCl4-graphite one set  U4f Scan_5 server true max Δfrac 0.24 pp, max Voigt Δarea 3.2 %
1-GTA UCl4-graphite one set  U4f Scan_6 server true max Δfrac 0.24 pp, max Voigt Δarea 3.8 %
1-GTA UCl4-graphite one set  U4f Scan_7 server true max Δfrac 0.16 pp, max Voigt Δarea 3.4 %
1-GTA UCl4-graphite one set  U4f Scan_8 server true max Δfrac 0.27 pp, max Voigt Δarea 5.0 %
4-GTA UCl4-BN.proj.zip U4f Scan server true max Δfrac 0.04 pp, max Voigt Δarea 0.6 %
4-GTA UCl4-BN.proj.zip U4f Scan_0 server true max Δfrac 0.19 pp, max Voigt Δarea 0.0 %
4-GTA UCl4-BN.proj.zip U4f Scan_1 server true max Δfrac 0.18 pp, max Voigt Δarea 0.0 %
4-GTA UCl4-BN.proj.zip U4f Scan_2 server true max Δfrac 0.50 pp, max Voigt Δarea 4.7 %
4-GTA UCl4-BN.proj.zip U4f Scan_3 server true max Δfrac 0.59 pp, max Voigt Δarea 6.0 %
4-GTA UCl4-BN.proj.zip U4f Scan_4 server true max Δfrac 0.02 pp, max Voigt Δarea 0.7 %
4-GTA UCl4-BN.proj.zip U4f Scan_5 server true max Δfrac 0.49 pp, max Voigt Δarea 3.3 %
4-GTA UCl4-BN.proj.zip U4f Scan_6 server true max Δfrac 0.25 pp, max Voigt Δarea 2.4 %
4-GTA UCl4-BN.proj.zip U4f Scan_7 server true max Δfrac 0.35 pp, max Voigt Δarea 2.9 %
4-GTA UCl4-BN.proj.zip U4f Scan_8 server true max Δfrac 0.27 pp, max Voigt Δarea 2.5 %
B4C-UCl4.proj.zip U4f Scan server true max Δfrac 0.40 pp, max Voigt Δarea 4.7 %
B4C-UCl4.proj.zip U4f Scan_0 server true max Δfrac 0.53 pp, max Voigt Δarea 4.5 %
B4C-UCl4.proj.zip U4f Scan_1 server true max Δfrac 0.43 pp, max Voigt Δarea 4.5 %
B4C-UCl4.proj.zip U4f Scan_2 server true max Δfrac 0.69 pp, max Voigt Δarea 8.5 %
B4C-UCl4.proj.zip U4f Scan_3 server true max Δfrac 0.40 pp, max Voigt Δarea 4.8 %
B4C-UCl4.proj.zip U4f Scan_4 server true max Δfrac 0.51 pp, max Voigt Δarea 5.0 %
B4C-UCl4.proj.zip U4f Scan_5 server true max Δfrac 0.37 pp, max Voigt Δarea 4.4 %
B4C-UCl4.proj.zip U4f Scan_6 server true max Δfrac 0.48 pp, max Voigt Δarea 4.6 %
B4C-UCl4.proj.zip U4f Scan_7 server true max Δfrac 0.25 pp, max Voigt Δarea 3.2 %
B4C-UCl4.proj.zip U4f Scan_8 server true max Δfrac 0.33 pp, max Voigt Δarea 5.0 %
Cl2p_projfit_test.proj.zip U4f Scan server true max Δfrac 0.45 pp, max Voigt Δarea 7.9 %
Cl2p_projfit_test.proj.zip U4f Scan_0 server true max Δfrac 0.41 pp, max Voigt Δarea 5.5 %
Cl2p_projfit_test.proj.zip U4f Scan_1 server true max Δfrac 0.26 pp, max Voigt Δarea 3.5 %
Cl2p_projfit_test.proj.zip U4f Scan_2 server true max Δfrac 0.33 pp, max Voigt Δarea 5.0 %
Cl2p_projfit_test.proj.zip U4f Scan_3 server true max Δfrac 0.41 pp, max Voigt Δarea 7.5 %
Cl2p_projfit_test.proj.zip U4f Scan_4 server true max Δfrac 0.27 pp, max Voigt Δarea 4.1 %
Cl2p_projfit_test.proj.zip U4f Scan_5 server true max Δfrac 0.39 pp, max Voigt Δarea 6.0 %
Cl2p_projfit_test.proj.zip Cl2p Scan_1 server true max Δfrac 0.00 pp, max Voigt Δarea 7.6 %
Project9_CasaXPS_newfit.proj U4f Scan server true max Δfrac 0.45 pp, max Voigt Δarea 7.9 %
Project9_CasaXPS_newfit.proj U4f Scan_0 server true max Δfrac 0.41 pp, max Voigt Δarea 5.5 %
Project9_CasaXPS_newfit.proj U4f Scan_1 server true max Δfrac 0.26 pp, max Voigt Δarea 3.5 %
Project9_CasaXPS_newfit.proj U4f Scan_2 server true max Δfrac 0.33 pp, max Voigt Δarea 5.0 %
Project9_CasaXPS_newfit.proj U4f Scan_3 server true max Δfrac 0.41 pp, max Voigt Δarea 7.5 %
Project9_CasaXPS_newfit.proj U4f Scan_4 server true max Δfrac 0.27 pp, max Voigt Δarea 4.1 %
Project9_CasaXPS_newfit.proj U4f Scan_5 server true max Δfrac 0.39 pp, max Voigt Δarea 6.0 %
UCl4_on_graphite.proj.zip U4f Scan server true max Δfrac 0.44 pp, max Voigt Δarea 5.1 %
UCl4_on_graphite.proj.zip U4f Scan_0 server true max Δfrac 0.31 pp, max Voigt Δarea 5.9 %
UCl4_on_graphite.proj.zip U4f Scan_1 server true max Δfrac 0.39 pp, max Voigt Δarea 3.0 %
UCl4_on_graphite.proj.zip U4f Scan_2 server true max Δfrac 0.56 pp, max Voigt Δarea 8.4 %
UCl4_on_graphite.proj.zip U4f Scan_3 server true max Δfrac 0.36 pp, max Voigt Δarea 4.5 %
UCl4_on_graphite.proj.zip U4f Scan_4 server true max Δfrac 0.59 pp, max Voigt Δarea 15.1 %
UCl4_on_graphite.proj.zip U4f Scan_5 server true max Δfrac 0.24 pp, max Voigt Δarea 3.2 %
UCl4_on_graphite.proj.zip U4f Scan_6 server true max Δfrac 0.24 pp, max Voigt Δarea 3.7 %
UCl4_on_graphite.proj.zip U4f Scan_7 server true max Δfrac 0.13 pp, max Voigt Δarea 2.5 %
UCl4_on_graphite.proj.zip U4f Scan_8 server true max Δfrac 0.27 pp, max Voigt Δarea 5.0 %
{"n_tabs":55,"n_converged":55,"dFrac_pp":{"median":0.3640236960289873,"p90":0.5078511773600608,"max":0.6882980473358474},"gt_1pp":0,"voigt_dArea_pct":{"median":4.576983178447858,"p90":7.556793905528403,"max":15.30071242466854}}
